// Jest Snapshot v1, https://goo.gl/fbAQLP

exports[`Entry.vue It must render the component correctly 1`] = `
<div class="entry-container mb-3 pointer p-2">
  <div class="entry-title d-flex"><span class="text-success fs-5 fw-bold">4</span><span class="mx-1 fs-5">August</span><span class="mx-2 fw-light">2022, Thursday</span></div>
  <div class="entry-description">Testing new Vue App 1</div>
</div>
`;
