// Jest Snapshot v1, https://goo.gl/fbAQLP

exports[`Fab.vue It must render the component correctly 1`] = `<button type="button" class="btn btn-primary"><i class="fa fa-2x fa-plus fa-plus"></i></button>`;
