// Jest Snapshot v1, https://goo.gl/fbAQLP

exports[`HomeView.vue It must render the view correctly 1`] = `
<div class="home"><img alt="Vue logo" src="">
  <h1>Hello World</h1><button type="button" class="btn btn-primary">Primary</button><button type="button" class="btn btn-secondary">Secondary</button><button type="button" class="btn btn-success">Success</button>
</div>
`;
